============================= test session starts =============================
platform win32 -- Python 3.14.0, pytest-9.0.1, pluggy-1.6.0 -- C:\Users\saipr\AppData\Local\Python\pythoncore-3.14-64\python.exe
cachedir: .pytest_cache
rootdir: C:\Users\saipr\Documents\GitHub\azure-openai-chatbot
configfile: pytest.ini
plugins: cov-7.0.0, mock-3.15.1
collecting ... collected 23 items

tests/test_unit.py::TestHealth::test_health_check PASSED                 [  4%]
tests/test_unit.py::TestAuthentication::test_generate_api_key PASSED     [  8%]
tests/test_unit.py::TestAuthentication::test_missing_auth_header PASSED  [ 13%]
tests/test_unit.py::TestAuthentication::test_invalid_bearer_token PASSED [ 17%]
tests/test_unit.py::TestAuthentication::test_valid_api_key_works PASSED  [ 21%]
tests/test_unit.py::TestInputValidation::test_empty_prompt_rejected PASSED [ 26%]
tests/test_unit.py::TestInputValidation::test_whitespace_prompt_rejected PASSED [ 30%]
tests/test_unit.py::TestInputValidation::test_long_prompt_rejected PASSED [ 34%]
tests/test_unit.py::TestInputValidation::test_valid_prompt_accepted PASSED [ 39%]
tests/test_unit.py::TestInputValidation::test_whitespace_stripped PASSED [ 43%]
tests/test_unit.py::TestCryptography::test_hash_deterministic PASSED     [ 47%]
tests/test_unit.py::TestCryptography::test_different_keys_different_hash PASSED [ 52%]
tests/test_unit.py::TestCryptography::test_sha256_length PASSED          [ 56%]
tests/test_unit.py::TestRateLimiting::test_under_limit_allowed PASSED    [ 60%]
tests/test_unit.py::TestRateLimiting::test_over_limit_rejected PASSED    [ 65%]
tests/test_unit.py::TestRateLimiting::test_per_user_limits PASSED        [ 69%]
tests/test_unit.py::TestChatEndpoint::test_chat_requires_auth PASSED     [ 73%]
tests/test_unit.py::TestChatEndpoint::test_chat_with_valid_key PASSED    [ 78%]
tests/test_unit.py::TestChatEndpoint::test_chat_empty_prompt_fails PASSED [ 82%]
tests/test_unit.py::TestHistoryEndpoint::test_history_requires_auth PASSED [ 86%]
tests/test_unit.py::TestHistoryEndpoint::test_history_retrieval PASSED   [ 91%]
tests/test_unit.py::TestIntegration::test_full_flow PASSED               [ 95%]
tests/test_unit.py::TestIntegration::test_sessions_isolated PASSED       [100%]

============================= 23 passed in 1.06s ==============================
