============================= test session starts =============================
platform win32 -- Python 3.14.0, pytest-9.0.1, pluggy-1.6.0 -- C:\Users\saipr\AppData\Local\Python\pythoncore-3.14-64\python.exe
cachedir: .pytest_cache
rootdir: C:\Users\saipr\Documents\GitHub\azure-openai-chatbot
configfile: pytest.ini
plugins: cov-7.0.0, mock-3.15.1
collecting ... collected 29 items

tests/test_unit.py::TestAuthentication::test_health_endpoint_no_auth PASSED [  3%]
tests/test_unit.py::TestAuthentication::test_generate_api_key FAILED     [  6%]
tests/test_unit.py::TestAuthentication::test_missing_auth_header PASSED  [ 10%]
tests/test_unit.py::TestAuthentication::test_invalid_bearer_format PASSED [ 13%]
tests/test_unit.py::TestAuthentication::test_invalid_api_key PASSED      [ 17%]
tests/test_unit.py::TestCrypto::test_hash_consistency PASSED             [ 20%]
tests/test_unit.py::TestCrypto::test_different_keys_different_hash PASSED [ 24%]
tests/test_unit.py::TestCrypto::test_hash_includes_salt PASSED           [ 27%]
tests/test_unit.py::TestInputValidation::test_empty_prompt_rejected PASSED [ 31%]
tests/test_unit.py::TestInputValidation::test_whitespace_only_rejected PASSED [ 34%]
tests/test_unit.py::TestInputValidation::test_prompt_too_long_rejected PASSED [ 37%]
tests/test_unit.py::TestInputValidation::test_valid_prompt_accepted PASSED [ 41%]
tests/test_unit.py::TestInputValidation::test_prompt_whitespace_stripped PASSED [ 44%]
tests/test_unit.py::TestInputValidation::test_max_length_prompt_accepted PASSED [ 48%]
tests/test_unit.py::TestSessionManagement::test_session_from_header PASSED [ 51%]
tests/test_unit.py::TestSessionManagement::test_default_session_id PASSED [ 55%]
tests/test_unit.py::TestRateLimiting::test_rate_limit_allows_under_limit PASSED [ 58%]
tests/test_unit.py::TestRateLimiting::test_rate_limit_rejects_over_limit PASSED [ 62%]
tests/test_unit.py::TestRateLimiting::test_rate_limit_per_identifier PASSED [ 65%]
tests/test_unit.py::TestRateLimiting::test_rate_limit_cleanup PASSED     [ 68%]
tests/test_unit.py::TestChatEndpoints::test_chat_requires_auth PASSED    [ 72%]
tests/test_unit.py::TestChatEndpoints::test_chat_with_mock_mode FAILED   [ 75%]
tests/test_unit.py::TestChatEndpoints::test_chat_empty_prompt_rejected FAILED [ 79%]
tests/test_unit.py::TestChatEndpoints::test_history_endpoint_requires_auth PASSED [ 82%]
tests/test_unit.py::TestChatEndpoints::test_history_retrieval FAILED     [ 86%]
tests/test_unit.py::TestIntegration::test_full_auth_and_chat_flow FAILED [ 89%]
tests/test_unit.py::TestIntegration::test_session_isolation FAILED       [ 93%]
tests/test_unit.py::TestErrorHandling::test_malformed_json FAILED        [ 96%]
tests/test_unit.py::TestErrorHandling::test_missing_prompt_field FAILED  [100%]

================================== FAILURES ===================================
E   assert 500 == 201
     +  where 500 = <WrapperTestResponse streamed [500 INTERNAL SERVER ERROR]>.status_code
C:\Users\saipr\Documents\GitHub\azure-openai-chatbot\tests\test_unit.py:76: assert 500 == 201
E   KeyError: 'api_key'
C:\Users\saipr\Documents\GitHub\azure-openai-chatbot\tests\test_unit.py:277: KeyError: 'api_key'
E   KeyError: 'api_key'
C:\Users\saipr\Documents\GitHub\azure-openai-chatbot\tests\test_unit.py:293: KeyError: 'api_key'
E   KeyError: 'api_key'
C:\Users\saipr\Documents\GitHub\azure-openai-chatbot\tests\test_unit.py:312: KeyError: 'api_key'
E   assert 500 == 201
     +  where 500 = <WrapperTestResponse streamed [500 INTERNAL SERVER ERROR]>.status_code
C:\Users\saipr\Documents\GitHub\azure-openai-chatbot\tests\test_unit.py:342: assert 500 == 201
E   KeyError: 'api_key'
C:\Users\saipr\Documents\GitHub\azure-openai-chatbot\tests\test_unit.py:365: KeyError: 'api_key'
E   KeyError: 'api_key'
C:\Users\saipr\Documents\GitHub\azure-openai-chatbot\tests\test_unit.py:420: KeyError: 'api_key'
E   KeyError: 'api_key'
C:\Users\saipr\Documents\GitHub\azure-openai-chatbot\tests\test_unit.py:434: KeyError: 'api_key'
=========================== short test summary info ===========================
FAILED tests/test_unit.py::TestAuthentication::test_generate_api_key - assert 500 == 201
 +  where 500 = <WrapperTestResponse streamed [500 INTERNAL SERVER ERROR]>.status_code
FAILED tests/test_unit.py::TestChatEndpoints::test_chat_with_mock_mode - KeyError: 'api_key'
FAILED tests/test_unit.py::TestChatEndpoints::test_chat_empty_prompt_rejected - KeyError: 'api_key'
FAILED tests/test_unit.py::TestChatEndpoints::test_history_retrieval - KeyError: 'api_key'
FAILED tests/test_unit.py::TestIntegration::test_full_auth_and_chat_flow - assert 500 == 201
 +  where 500 = <WrapperTestResponse streamed [500 INTERNAL SERVER ERROR]>.status_code
FAILED tests/test_unit.py::TestIntegration::test_session_isolation - KeyError: 'api_key'
FAILED tests/test_unit.py::TestErrorHandling::test_malformed_json - KeyError: 'api_key'
FAILED tests/test_unit.py::TestErrorHandling::test_missing_prompt_field - KeyError: 'api_key'
======================== 8 failed, 21 passed in 0.87s =========================
